// Jest Snapshot v1, https://goo.gl/fbAQLP

exports[`should return correctly 1`] = `
Array [
  "// comment 1",
  "/* comment 2 */",
]
`;

exports[`should return correctly with custom callback 1`] = `
Array [
  "<!-- // comment 1 -->",
  "<!-- /* comment 2 */ -->",
]
`;
